{"qualification": "running", "test": "canonical_truth", "candidate_head": "dcd92d1c01eeffd1603c14ee4d6c0135b7aa7bc1"}
{"qualification": "running", "test": "photo_integrity", "candidate_head": "dcd92d1c01eeffd1603c14ee4d6c0135b7aa7bc1"}
{"qualification": "running", "test": "maplibre_security", "candidate_head": "dcd92d1c01eeffd1603c14ee4d6c0135b7aa7bc1"}
{"qualification": "running", "test": "map_first_smoke", "candidate_head": "dcd92d1c01eeffd1603c14ee4d6c0135b7aa7bc1"}
{"qualification": "running", "test": "map_first_full", "candidate_head": "dcd92d1c01eeffd1603c14ee4d6c0135b7aa7bc1"}
{"qualification": "running", "test": "map_first_p0", "candidate_head": "dcd92d1c01eeffd1603c14ee4d6c0135b7aa7bc1"}
{"qualification": "running", "test": "standalone", "candidate_head": "dcd92d1c01eeffd1603c14ee4d6c0135b7aa7bc1"}
{"qualification": "running", "test": "location_gap", "candidate_head": "dcd92d1c01eeffd1603c14ee4d6c0135b7aa7bc1"}
{"qualification": "running", "test": "location_gap_race", "candidate_head": "dcd92d1c01eeffd1603c14ee4d6c0135b7aa7bc1"}
{"qualification": "running", "test": "interaction_dynamics", "candidate_head": "dcd92d1c01eeffd1603c14ee4d6c0135b7aa7bc1"}
{"qualification": "running", "test": "route_continuity", "candidate_head": "dcd92d1c01eeffd1603c14ee4d6c0135b7aa7bc1"}
{"qualification": "running", "test": "route_panel", "candidate_head": "dcd92d1c01eeffd1603c14ee4d6c0135b7aa7bc1"}
{"qualification": "running", "test": "exhaustive_states", "candidate_head": "dcd92d1c01eeffd1603c14ee4d6c0135b7aa7bc1"}
{"qualification": "running", "test": "cross_browser", "candidate_head": "dcd92d1c01eeffd1603c14ee4d6c0135b7aa7bc1"}
{"qualification": "running", "test": "visual_spots", "candidate_head": "dcd92d1c01eeffd1603c14ee4d6c0135b7aa7bc1"}
{"qualification": "running", "test": "gate4_runtime", "candidate_head": "dcd92d1c01eeffd1603c14ee4d6c0135b7aa7bc1"}
{"qualification": "running", "test": "gate5_field_quality", "candidate_head": "dcd92d1c01eeffd1603c14ee4d6c0135b7aa7bc1"}
idate":688.176,"delta":-152.232,"order":["candidate","baseline"],"pair":8,"relative_delta_pct":-18.114}],"stable_non_regression":true,"sufficient":true} rationale="all balanced blocks are non-slower and positive pair noise stays within the observed envelope" status=PASS
metric=interactions.provider_recovery sample_count_baseline=8 sample_count_candidate=8 baseline_distribution={"count":8,"max":736.613,"mean":542.144,"median":499.518,"min":372.949,"p95":736.613,"stdev":125.312,"values":[372.949,493.933,497.607,498.188,500.848,509.267,727.751,736.613]} candidate_distribution={"count":8,"max":593.62,"mean":365.314,"median":351.481,"min":225.275,"p95":593.62,"stdev":152.202,"values":[225.275,225.954,228.503,350.249,352.714,353.385,592.814,593.62]} distribution_guard=918.08 paired_evidence={"ambiguous_direction":false,"baseline_jitter":{"count":8,"max":736.613,"mean":542.144,"median":499.518,"min":372.949,"p95":736.613,"stdev":125.312,"values":[372.949,493.933,497.607,498.188,500.848,509.267,727.751,736.613]},"block_count":2,"blocks":[{"block":"1","deltas":{"count":4,"max":95.432,"mean":-120.845,"median":-147.411,"min":-283.992,"p95":95.432,"stdev":157.929,"values":[-283.992,-150.599,-144.222,95.432]},"direction":"candidate_not_slower","median_delta":-147.411,"order_counts":{"baseline>candidate":2,"candidate>baseline":2},"pair_count":4},{"block":"2","deltas":{"count":4,"max":-20.235,"mean":-232.815,"median":-201.458,"min":-508.11,"p95":-20.235,"stdev":209.598,"values":[-508.11,-267.979,-134.937,-20.235]},"direction":"candidate_not_slower","median_delta":-201.458,"order_counts":{"baseline>candidate":2,"candidate>baseline":2},"pair_count":4}],"consistent_candidate_slower":false,"decisive_regression":false,"delta_distribution":{"count":8,"max":95.432,"mean":-176.83,"median":-147.411,"min":-508.11,"p95":95.432,"stdev":181.931,"values":[-508.11,-283.992,-267.979,-150.599,-144.222,-134.937,-20.235,95.432]},"direction_consistent_across_blocks":true,"materiality_guard_ms":183.653,"materiality_guard_relative_pct":36.196,"negative_pairs":7,"noise_estimate":{"block_median_stdev_ms":38.217,"noise_envelope_ms":183.653,"pair_delta_mad_sigma_ms":183.653,"relative_block_median_stdev_pct":4.859,"relative_noise_envelope_pct":36.196,"relative_pair_delta_mad_sigma_pct":36.196},"order_balanced":true,"pair_count":8,"positive_pairs":1,"rationale":"all balanced blocks are non-slower and positive pair noise stays within the observed envelope","relative_delta_distribution_pct":{"count":8,"max":19.156,"mean":-30.358,"median":-29.526,"min":-68.979,"p95":19.156,"stdev":29.088,"values":[-68.979,-55.765,-54.254,-30.069,-28.983,-18.542,-5.426,19.156]},"rows":[{"baseline":498.188,"block":1,"candidate":593.62,"delta":95.432,"order":["candidate","baseline"],"pair":1,"relative_delta_pct":19.156},{"baseline":509.267,"block":1,"candidate":225.275,"delta":-283.992,"order":["baseline","candidate"],"pair":2,"relative_delta_pct":-55.765},{"baseline":500.848,"block":1,"candidate":350.249,"delta":-150.599,"order":["candidate","baseline"],"pair":3,"relative_delta_pct":-30.069},{"baseline":497.607,"block":1,"candidate":353.385,"delta":-144.222,"order":["baseline","candidate"],"pair":4,"relative_delta_pct":-28.983},{"baseline":727.751,"block":2,"candidate":592.814,"delta":-134.937,"order":["baseline","candidate"],"pair":5,"relative_delta_pct":-18.542},{"baseline":736.613,"block":2,"candidate":228.503,"delta":-508.11,"order":["candidate","baseline"],"pair":6,"relative_delta_pct":-68.979},{"baseline":493.933,"block":2,"candidate":225.954,"delta":-267.979,"order":["baseline","candidate"],"pair":7,"relative_delta_pct":-54.254},{"baseline":372.949,"block":2,"candidate":352.714,"delta":-20.235,"order":["candidate","baseline"],"pair":8,"relative_delta_pct":-5.426}],"stable_non_regression":true,"sufficient":true} rationale="all balanced blocks are non-slower and positive pair noise stays within the observed envelope" status=PASS
status=VERIFY_REQUIRED
failing_metrics=[]
verify_metrics=["cold_milestones.dom_content_loaded", "cold_milestones.smart_style_ready", "cold_milestones.map_visual_ready", "cold_milestones.markers_timeline_ready", "cold_milestones.first_actionable_state", "warm_milestones.dom_content_loaded", "warm_milestones.smart_style_ready", "warm_milestones.map_visual_ready", "warm_milestones.markers_timeline_ready", "warm_milestones.first_actionable_state", "interactions.route", "interactions.date", "interactions.region", "interactions.preview", "interactions.preview_actionability", "interactions.preview_handler", "interactions.detail"]
{
  "status": "VERIFY_REQUIRED",
  "phase": "candidate",
  "candidate_head": "dcd92d1c01eeffd1603c14ee4d6c0135b7aa7bc1",
  "failures": [],
  "verify_required": [
    "E2 independent multimodal visual/usability acceptance",
    "native Safari on macOS preflight/evidence",
    "real physical iPhone/iPad field evidence and memory claim",
    "same-environment performance comparison: comparison is not evidence-complete"
  ]
}
{"status": "PASS", "candidate_head": "dcd92d1c01eeffd1603c14ee4d6c0135b7aa7bc1", "tests": {"public_asset_rights": "PASS", "canonical_truth": "PASS", "photo_integrity": "PASS", "maplibre_security": "PASS", "map_first_smoke": "PASS", "map_first_full": "PASS", "map_first_p0": "PASS", "standalone": "PASS", "location_gap": "PASS", "location_gap_race": "PASS", "interaction_dynamics": "PASS", "route_continuity": "PASS", "route_panel": "PASS", "exhaustive_states": "PASS", "cross_browser": "PASS", "visual_spots": "PASS", "gate4_runtime": "PASS", "gate5_field_quality": "VERIFY_REQUIRED"}, "errors": []}
