{"qualification": "running", "test": "canonical_truth", "candidate_head": "89b64e4db7ca1bb4dc600f136789e3ace21dd06c"}
{"qualification": "running", "test": "photo_integrity", "candidate_head": "89b64e4db7ca1bb4dc600f136789e3ace21dd06c"}
{"qualification": "running", "test": "maplibre_security", "candidate_head": "89b64e4db7ca1bb4dc600f136789e3ace21dd06c"}
{"qualification": "running", "test": "map_first_smoke", "candidate_head": "89b64e4db7ca1bb4dc600f136789e3ace21dd06c"}
{"qualification": "running", "test": "decision_workbench", "candidate_head": "89b64e4db7ca1bb4dc600f136789e3ace21dd06c"}
{"qualification": "running", "test": "phone_field_surface", "candidate_head": "89b64e4db7ca1bb4dc600f136789e3ace21dd06c"}
{"qualification": "running", "test": "accessibility_reflow", "candidate_head": "89b64e4db7ca1bb4dc600f136789e3ace21dd06c"}
{"qualification": "running", "test": "map_geometry", "candidate_head": "89b64e4db7ca1bb4dc600f136789e3ace21dd06c"}
{"qualification": "running", "test": "sheet_geometry", "candidate_head": "89b64e4db7ca1bb4dc600f136789e3ace21dd06c"}
{"qualification": "running", "test": "route_key_camera", "candidate_head": "89b64e4db7ca1bb4dc600f136789e3ace21dd06c"}
{"qualification": "running", "test": "map_first_full", "candidate_head": "89b64e4db7ca1bb4dc600f136789e3ace21dd06c"}
{"qualification": "running", "test": "map_first_p0", "candidate_head": "89b64e4db7ca1bb4dc600f136789e3ace21dd06c"}
{"qualification": "running", "test": "standalone", "candidate_head": "89b64e4db7ca1bb4dc600f136789e3ace21dd06c"}
{"qualification": "running", "test": "location_gap", "candidate_head": "89b64e4db7ca1bb4dc600f136789e3ace21dd06c"}
{"qualification": "running", "test": "interaction_dynamics", "candidate_head": "89b64e4db7ca1bb4dc600f136789e3ace21dd06c"}
{"qualification": "running", "test": "route_continuity", "candidate_head": "89b64e4db7ca1bb4dc600f136789e3ace21dd06c"}
{"qualification": "running", "test": "matched_comparison", "candidate_head": "89b64e4db7ca1bb4dc600f136789e3ace21dd06c"}
{"qualification": "running", "test": "route_panel", "candidate_head": "89b64e4db7ca1bb4dc600f136789e3ace21dd06c"}
{"qualification": "running", "test": "place_list_membership", "candidate_head": "89b64e4db7ca1bb4dc600f136789e3ace21dd06c"}
{"qualification": "running", "test": "exhaustive_states", "candidate_head": "89b64e4db7ca1bb4dc600f136789e3ace21dd06c"}
{"qualification": "running", "test": "cross_browser", "candidate_head": "89b64e4db7ca1bb4dc600f136789e3ace21dd06c"}
{"qualification": "running", "test": "visual_spots", "candidate_head": "89b64e4db7ca1bb4dc600f136789e3ace21dd06c"}
{"qualification": "running", "test": "gate4_runtime", "candidate_head": "89b64e4db7ca1bb4dc600f136789e3ace21dd06c"}
{"qualification": "running", "test": "gate5_field_quality", "candidate_head": "89b64e4db7ca1bb4dc600f136789e3ace21dd06c"}
{"status": "VERIFY_REQUIRED", "candidate_head": "89b64e4db7ca1bb4dc600f136789e3ace21dd06c", "failures": [], "verify_required": ["native Safari remote automation is unavailable; Playwright WebKit is not a native Safari substitute", "no verifiably real iPhone or iPad is available in this execution environment", "independent candidate-bound multimodal visual/usability review is not supplied"]}
{"status": "PASS", "candidate_head": "89b64e4db7ca1bb4dc600f136789e3ace21dd06c", "tests": {"public_asset_rights": "PASS", "canonical_truth": "PASS", "photo_integrity": "PASS", "maplibre_security": "PASS", "map_first_smoke": "PASS", "decision_workbench": "PASS", "phone_field_surface": "PASS", "accessibility_reflow": "PASS", "map_geometry": "PASS", "sheet_geometry": "PASS", "route_key_camera": "PASS", "map_first_full": "PASS", "map_first_p0": "PASS", "standalone": "PASS", "location_gap": "PASS", "interaction_dynamics": "PASS", "route_continuity": "PASS", "matched_comparison": "PASS", "route_panel": "PASS", "place_list_membership": "PASS", "exhaustive_states": "PASS", "cross_browser": "PASS", "visual_spots": "PASS", "gate4_runtime": "PASS", "gate5_field_quality": "VERIFY_REQUIRED"}, "errors": []}
